{"log":
 [{"message":
   ".> ELAN=elan ELAN_HOME=/Users/adrienchampion/.elan ELAN_TOOLCHAIN=leanprover/lean4:v4.20.0-rc4 LAKE=/Users/adrienchampion/.elan/toolchains/leanprover--lean4---v4.20.0-rc4/bin/lake LAKE_HOME=/Users/adrienchampion/.elan/toolchains/leanprover--lean4---v4.20.0-rc4 LAKE_PKG_URL_MAP={} LEAN=/Users/adrienchampion/.elan/toolchains/leanprover--lean4---v4.20.0-rc4/bin/lean LEAN_GITHASH=e65f5f118a60025928b1bbe12a5391a70d8169ff LEAN_SYSROOT=/Users/adrienchampion/.elan/toolchains/leanprover--lean4---v4.20.0-rc4 LEAN_AR=/Users/adrienchampion/.elan/toolchains/leanprover--lean4---v4.20.0-rc4/bin/llvm-ar LEAN_CC= LEAN_PATH=/Users/adrienchampion/repos/anzen/cvc.lean/test/.lake/packages/batteries/.lake/build/lib/lean:/Users/adrienchampion/repos/anzen/cvc.lean/test/.lake/packages/cvc5/.lake/build/lib/lean:/Users/adrienchampion/repos/anzen/cvc.lean/test/.lake/packages/MD4Lean/.lake/build/lib/lean:/Users/adrienchampion/repos/anzen/cvc.lean/test/.lake/packages/BibtexQuery/.lake/build/lib/lean:/Users/adrienchampion/repos/anzen/cvc.lean/test/.lake/packages/UnicodeBasic/.lake/build/lib/lean:/Users/adrienchampion/repos/anzen/cvc.lean/test/.lake/packages/Cli/.lake/build/lib/lean:/Users/adrienchampion/repos/anzen/cvc.lean/test/.lake/build/lib/lean:/Users/adrienchampion/repos/anzen/cvc.lean/test/.lake/packages/doc-gen4/.lake/build/lib/lean:/Users/adrienchampion/repos/anzen/cvc.lean/test/Docs/.lake/build/lib/lean:/Users/adrienchampion/.elan/toolchains/leanprover--lean4---v4.20.0-rc4/lib/lean LEAN_SRC_PATH=/Users/adrienchampion/repos/anzen/cvc.lean/test/.lake/packages/batteries:/Users/adrienchampion/repos/anzen/cvc.lean/test/.lake/packages/batteries:/Users/adrienchampion/repos/anzen/cvc.lean/test/.lake/packages/cvc5:/Users/adrienchampion/repos/anzen/cvc.lean/test/.lake/packages/cvc5:/Users/adrienchampion/repos/anzen/cvc.lean/test/.lake/packages/MD4Lean:/Users/adrienchampion/repos/anzen/cvc.lean/test/.lake/packages/MD4Lean:/Users/adrienchampion/repos/anzen/cvc.lean/test/.lake/packages/BibtexQuery:/Users/adrienchampion/repos/anzen/cvc.lean/test/.lake/packages/UnicodeBasic:/Users/adrienchampion/repos/anzen/cvc.lean/test/.lake/packages/UnicodeBasic:/Users/adrienchampion/repos/anzen/cvc.lean/test/.lake/packages/Cli:/Users/adrienchampion/repos/anzen/cvc.lean/test:/Users/adrienchampion/repos/anzen/cvc.lean/test:/Users/adrienchampion/repos/anzen/cvc.lean/test/.lake/packages/doc-gen4:/Users/adrienchampion/.elan/toolchains/leanprover--lean4---v4.20.0-rc4/src/lean/lake PATH DYLD_LIBRARY_PATH=/Users/adrienchampion/.elan/toolchains/leanprover--lean4---v4.20.0-rc4/lib/lean:/Users/adrienchampion/.elan/toolchains/leanprover--lean4---v4.20.0-rc4/lib:/Users/adrienchampion/repos/anzen/cvc.lean/test/Docs/.lake/build/lib:/Users/adrienchampion/repos/anzen/cvc.lean/test/.lake/packages/doc-gen4/.lake/build/lib:/Users/adrienchampion/repos/anzen/cvc.lean/test/.lake/build/lib:/Users/adrienchampion/repos/anzen/cvc.lean/test/.lake/packages/Cli/.lake/build/lib:/Users/adrienchampion/repos/anzen/cvc.lean/test/.lake/packages/UnicodeBasic/.lake/build/lib:/Users/adrienchampion/repos/anzen/cvc.lean/test/.lake/packages/BibtexQuery/.lake/build/lib:/Users/adrienchampion/repos/anzen/cvc.lean/test/.lake/packages/MD4Lean/.lake/build/lib:/Users/adrienchampion/repos/anzen/cvc.lean/test/.lake/packages/cvc5/.lake/build/lib:/Users/adrienchampion/repos/anzen/cvc.lean/test/.lake/packages/batteries/.lake/build/lib /Users/adrienchampion/repos/anzen/cvc.lean/test/.lake/packages/doc-gen4/.lake/build/bin/doc-gen4 single --build /Users/adrienchampion/repos/anzen/cvc.lean/test/Docs/.lake/build Cvc.Sys https://github.com/anzenlang/cvc.lean/blob/8b6e0875c56ec3f4f9bb5f93a501dcd92c1c44dd/Cvc/Sys.lean",
   "level": "trace"}],
 "inputs":
 [["<collection>",
   [["/Users/adrienchampion/repos/anzen/cvc.lean/test/Docs/.lake/build/doc/Cvc/Sys/Trace.html",
     "368392860581860564"],
    ["/Users/adrienchampion/repos/anzen/cvc.lean/test/Docs/.lake/build/doc/Cvc/Sys/Unroller.html",
     "13053896573233875304"],
    ["/Users/adrienchampion/repos/anzen/cvc.lean/test/Docs/.lake/build/doc/Cvc/Sys/Defs.html",
     "10994996208844290680"],
    ["/Users/adrienchampion/repos/anzen/cvc.lean/test/Docs/.lake/build/doc/Cvc/Sys/Dsl.html",
     "368078308350980663"],
    ["/Users/adrienchampion/repos/anzen/cvc.lean/test/Docs/.lake/build/doc/Cvc/Sys/Erased.html",
     "18089911229092360967"]]],
  ["/Users/adrienchampion/repos/anzen/cvc.lean/test/Docs/.lake/build/doc-data/references.json",
   "9311986744312936243"],
  ["/Users/adrienchampion/repos/anzen/cvc.lean/test/.lake/packages/doc-gen4/.lake/build/bin/doc-gen4",
   "3206356403039595456"],
  ["Cvc.Sys:leanArts", "17880293151348153496"]],
 "depHash": "2401702409663403521"}