{"log":
 [{"message":
   ".> ELAN=elan ELAN_HOME=/Users/adrienchampion/.elan ELAN_TOOLCHAIN=leanprover/lean4:v4.21.0-rc3 LAKE=/Users/adrienchampion/.elan/toolchains/leanprover--lean4---v4.21.0-rc3/bin/lake LAKE_HOME=/Users/adrienchampion/.elan/toolchains/leanprover--lean4---v4.21.0-rc3 LAKE_PKG_URL_MAP={} LEAN=/Users/adrienchampion/.elan/toolchains/leanprover--lean4---v4.21.0-rc3/bin/lean LEAN_GITHASH=6741444a63eec253a7eae7a83f1beb3de015023d LEAN_SYSROOT=/Users/adrienchampion/.elan/toolchains/leanprover--lean4---v4.21.0-rc3 LEAN_AR=/Users/adrienchampion/.elan/toolchains/leanprover--lean4---v4.21.0-rc3/bin/llvm-ar LEAN_CC= LEAN_PATH=/Users/adrienchampion/repos/anzen/cvc.lean/test/.lake/packages/batteries/.lake/build/lib/lean:/Users/adrienchampion/repos/anzen/cvc.lean/test/.lake/packages/cvc5/.lake/build/lib/lean:/Users/adrienchampion/repos/anzen/cvc.lean/test/.lake/packages/MD4Lean/.lake/build/lib/lean:/Users/adrienchampion/repos/anzen/cvc.lean/test/.lake/packages/BibtexQuery/.lake/build/lib/lean:/Users/adrienchampion/repos/anzen/cvc.lean/test/.lake/packages/UnicodeBasic/.lake/build/lib/lean:/Users/adrienchampion/repos/anzen/cvc.lean/test/.lake/packages/Cli/.lake/build/lib/lean:/Users/adrienchampion/repos/anzen/cvc.lean/test/.lake/build/lib/lean:/Users/adrienchampion/repos/anzen/cvc.lean/test/.lake/packages/doc-gen4/.lake/build/lib/lean:/Users/adrienchampion/repos/anzen/cvc.lean/test/Docs/.lake/build/lib/lean:/Users/adrienchampion/.elan/toolchains/leanprover--lean4---v4.21.0-rc3/lib/lean LEAN_SRC_PATH=/Users/adrienchampion/repos/anzen/cvc.lean/test/.lake/packages/batteries:/Users/adrienchampion/repos/anzen/cvc.lean/test/.lake/packages/batteries:/Users/adrienchampion/repos/anzen/cvc.lean/test/.lake/packages/cvc5:/Users/adrienchampion/repos/anzen/cvc.lean/test/.lake/packages/cvc5:/Users/adrienchampion/repos/anzen/cvc.lean/test/.lake/packages/MD4Lean:/Users/adrienchampion/repos/anzen/cvc.lean/test/.lake/packages/MD4Lean:/Users/adrienchampion/repos/anzen/cvc.lean/test/.lake/packages/BibtexQuery:/Users/adrienchampion/repos/anzen/cvc.lean/test/.lake/packages/UnicodeBasic:/Users/adrienchampion/repos/anzen/cvc.lean/test/.lake/packages/UnicodeBasic:/Users/adrienchampion/repos/anzen/cvc.lean/test/.lake/packages/Cli:/Users/adrienchampion/repos/anzen/cvc.lean/test:/Users/adrienchampion/repos/anzen/cvc.lean/test:/Users/adrienchampion/repos/anzen/cvc.lean/test/.lake/packages/doc-gen4:/Users/adrienchampion/.elan/toolchains/leanprover--lean4---v4.21.0-rc3/src/lean/lake PATH DYLD_LIBRARY_PATH=/Users/adrienchampion/.elan/toolchains/leanprover--lean4---v4.21.0-rc3/lib/lean:/Users/adrienchampion/.elan/toolchains/leanprover--lean4---v4.21.0-rc3/lib:/Users/adrienchampion/repos/anzen/cvc.lean/test/Docs/.lake/build/lib:/Users/adrienchampion/repos/anzen/cvc.lean/test/.lake/packages/doc-gen4/.lake/build/lib:/Users/adrienchampion/repos/anzen/cvc.lean/test/.lake/build/lib:/Users/adrienchampion/repos/anzen/cvc.lean/test/.lake/packages/Cli/.lake/build/lib:/Users/adrienchampion/repos/anzen/cvc.lean/test/.lake/packages/UnicodeBasic/.lake/build/lib:/Users/adrienchampion/repos/anzen/cvc.lean/test/.lake/packages/BibtexQuery/.lake/build/lib:/Users/adrienchampion/repos/anzen/cvc.lean/test/.lake/packages/MD4Lean/.lake/build/lib:/Users/adrienchampion/repos/anzen/cvc.lean/test/.lake/packages/cvc5/.lake/build/lib:/Users/adrienchampion/repos/anzen/cvc.lean/test/.lake/packages/batteries/.lake/build/lib /Users/adrienchampion/repos/anzen/cvc.lean/test/.lake/packages/doc-gen4/.lake/build/bin/doc-gen4 single --build /Users/adrienchampion/repos/anzen/cvc.lean/test/Docs/.lake/build Batteries.Data.RBMap https://github.com/leanprover-community/batteries/blob/5e6a77528fb6cace1f0adf2563e4e1bc1da541ae/Batteries/Data/RBMap.lean",
   "level": "trace"}],
 "inputs":
 [["<collection>",
   [["/Users/adrienchampion/repos/anzen/cvc.lean/test/Docs/.lake/build/doc/Batteries/Data/RBMap/Alter.html",
     "6473900308079600648"],
    ["/Users/adrienchampion/repos/anzen/cvc.lean/test/Docs/.lake/build/doc/Batteries/Data/RBMap/Basic.html",
     "8015803844960514815"],
    ["/Users/adrienchampion/repos/anzen/cvc.lean/test/Docs/.lake/build/doc/Batteries/Data/RBMap/Depth.html",
     "7643935243136341422"],
    ["/Users/adrienchampion/repos/anzen/cvc.lean/test/Docs/.lake/build/doc/Batteries/Data/RBMap/Lemmas.html",
     "6832609353091939218"],
    ["/Users/adrienchampion/repos/anzen/cvc.lean/test/Docs/.lake/build/doc/Batteries/Data/RBMap/WF.html",
     "17555057674952500854"]]],
  ["/Users/adrienchampion/repos/anzen/cvc.lean/test/Docs/.lake/build/doc-data/references.json",
   "11893762902049086281"],
  ["/Users/adrienchampion/repos/anzen/cvc.lean/test/.lake/packages/doc-gen4/.lake/build/bin/doc-gen4",
   "436580094202313454"],
  ["Batteries.Data.RBMap:leanArts", "2058524240118249845"]],
 "depHash": "14321309457743595681"}