{"log":
 [{"message":
   ".> ELAN=elan ELAN_HOME=/Users/adrienchampion/.elan ELAN_TOOLCHAIN=leanprover/lean4:v4.20.0-rc4 LAKE=/Users/adrienchampion/.elan/toolchains/leanprover--lean4---v4.20.0-rc4/bin/lake LAKE_HOME=/Users/adrienchampion/.elan/toolchains/leanprover--lean4---v4.20.0-rc4 LAKE_PKG_URL_MAP={} LEAN=/Users/adrienchampion/.elan/toolchains/leanprover--lean4---v4.20.0-rc4/bin/lean LEAN_GITHASH=e65f5f118a60025928b1bbe12a5391a70d8169ff LEAN_SYSROOT=/Users/adrienchampion/.elan/toolchains/leanprover--lean4---v4.20.0-rc4 LEAN_AR=/Users/adrienchampion/.elan/toolchains/leanprover--lean4---v4.20.0-rc4/bin/llvm-ar LEAN_CC= LEAN_PATH=/Users/adrienchampion/repos/anzen/cvc.lean/test/.lake/packages/batteries/.lake/build/lib/lean:/Users/adrienchampion/repos/anzen/cvc.lean/test/.lake/packages/cvc5/.lake/build/lib/lean:/Users/adrienchampion/repos/anzen/cvc.lean/test/.lake/packages/MD4Lean/.lake/build/lib/lean:/Users/adrienchampion/repos/anzen/cvc.lean/test/.lake/packages/BibtexQuery/.lake/build/lib/lean:/Users/adrienchampion/repos/anzen/cvc.lean/test/.lake/packages/UnicodeBasic/.lake/build/lib/lean:/Users/adrienchampion/repos/anzen/cvc.lean/test/.lake/packages/Cli/.lake/build/lib/lean:/Users/adrienchampion/repos/anzen/cvc.lean/test/.lake/build/lib/lean:/Users/adrienchampion/repos/anzen/cvc.lean/test/.lake/packages/doc-gen4/.lake/build/lib/lean:/Users/adrienchampion/repos/anzen/cvc.lean/test/docbuild/.lake/build/lib/lean:/Users/adrienchampion/.elan/toolchains/leanprover--lean4---v4.20.0-rc4/lib/lean LEAN_SRC_PATH=/Users/adrienchampion/repos/anzen/cvc.lean/test/.lake/packages/batteries:/Users/adrienchampion/repos/anzen/cvc.lean/test/.lake/packages/batteries:/Users/adrienchampion/repos/anzen/cvc.lean/test/.lake/packages/cvc5:/Users/adrienchampion/repos/anzen/cvc.lean/test/.lake/packages/cvc5:/Users/adrienchampion/repos/anzen/cvc.lean/test/.lake/packages/MD4Lean:/Users/adrienchampion/repos/anzen/cvc.lean/test/.lake/packages/MD4Lean:/Users/adrienchampion/repos/anzen/cvc.lean/test/.lake/packages/BibtexQuery:/Users/adrienchampion/repos/anzen/cvc.lean/test/.lake/packages/UnicodeBasic:/Users/adrienchampion/repos/anzen/cvc.lean/test/.lake/packages/UnicodeBasic:/Users/adrienchampion/repos/anzen/cvc.lean/test/.lake/packages/Cli:/Users/adrienchampion/repos/anzen/cvc.lean/test:/Users/adrienchampion/repos/anzen/cvc.lean/test:/Users/adrienchampion/repos/anzen/cvc.lean/test/.lake/packages/doc-gen4:/Users/adrienchampion/.elan/toolchains/leanprover--lean4---v4.20.0-rc4/src/lean/lake PATH DYLD_LIBRARY_PATH=/Users/adrienchampion/.elan/toolchains/leanprover--lean4---v4.20.0-rc4/lib/lean:/Users/adrienchampion/.elan/toolchains/leanprover--lean4---v4.20.0-rc4/lib:/Users/adrienchampion/repos/anzen/cvc.lean/test/docbuild/.lake/build/lib:/Users/adrienchampion/repos/anzen/cvc.lean/test/.lake/packages/doc-gen4/.lake/build/lib:/Users/adrienchampion/repos/anzen/cvc.lean/test/.lake/build/lib:/Users/adrienchampion/repos/anzen/cvc.lean/test/.lake/packages/Cli/.lake/build/lib:/Users/adrienchampion/repos/anzen/cvc.lean/test/.lake/packages/UnicodeBasic/.lake/build/lib:/Users/adrienchampion/repos/anzen/cvc.lean/test/.lake/packages/BibtexQuery/.lake/build/lib:/Users/adrienchampion/repos/anzen/cvc.lean/test/.lake/packages/MD4Lean/.lake/build/lib:/Users/adrienchampion/repos/anzen/cvc.lean/test/.lake/packages/cvc5/.lake/build/lib:/Users/adrienchampion/repos/anzen/cvc.lean/test/.lake/packages/batteries/.lake/build/lib /Users/adrienchampion/repos/anzen/cvc.lean/test/.lake/packages/doc-gen4/.lake/build/bin/doc-gen4 single --build /Users/adrienchampion/repos/anzen/cvc.lean/test/docbuild/.lake/build Batteries.Data.List.Lemmas https://github.com/leanprover-community/batteries/blob/1a8afbb6f95c4de139dca63cc7454862cb54099a/Batteries/Data/List/Lemmas.lean",
   "level": "trace"}],
 "inputs":
 [["<collection>",
   [["/Users/adrienchampion/repos/anzen/cvc.lean/test/docbuild/.lake/build/doc/Batteries/Control/ForInStep/Lemmas.html",
     "1172017134907002185"],
    ["/Users/adrienchampion/repos/anzen/cvc.lean/test/docbuild/.lake/build/doc/Batteries/Data/List/Basic.html",
     "10654895408966236518"],
    ["/Users/adrienchampion/repos/anzen/cvc.lean/test/docbuild/.lake/build/doc/Batteries/Tactic/Init.html",
     "17475751337958431165"],
    ["/Users/adrienchampion/repos/anzen/cvc.lean/test/docbuild/.lake/build/doc/Batteries/Tactic/Alias.html",
     "4690841825927962519"]]],
  ["/Users/adrienchampion/repos/anzen/cvc.lean/test/docbuild/.lake/build/doc-data/references.json",
   "9311986744312936243"],
  ["/Users/adrienchampion/repos/anzen/cvc.lean/test/.lake/packages/doc-gen4/.lake/build/bin/doc-gen4",
   "3206356403039595456"],
  ["Batteries.Data.List.Lemmas:leanArts", "8670544935931589652"]],
 "depHash": "11978705626025565369"}