{"log":
 [{"message": "Documentation indexing", "level": "info"},
  {"message":
   ".> /Users/adrienchampion/repos/anzen/cvc.lean/test/.lake/packages/doc-gen4/.lake/build/bin/doc-gen4 index --build /Users/adrienchampion/repos/anzen/cvc.lean/test/Docs/.lake/build",
   "level": "trace"}],
 "inputs":
 [["/Users/adrienchampion/repos/anzen/cvc.lean/test/.lake/packages/doc-gen4/.lake/build/bin/doc-gen4",
   "3206356403039595456"],
  ["<collection>", "15241332997907831624"],
  ["<collection>",
   [["/Users/adrienchampion/repos/anzen/cvc.lean/test/Docs/.lake/build/doc/Cvc/Basic.html",
     "2205399269302787841"],
    ["/Users/adrienchampion/repos/anzen/cvc.lean/test/Docs/.lake/build/doc/Cvc/Logic.html",
     "10135124518752224701"],
    ["/Users/adrienchampion/repos/anzen/cvc.lean/test/Docs/.lake/build/doc/Cvc/Option.html",
     "6637676161122796557"],
    ["/Users/adrienchampion/repos/anzen/cvc.lean/test/Docs/.lake/build/doc/Cvc/Srt/Defs.html",
     "11639328588252316423"],
    ["/Users/adrienchampion/repos/anzen/cvc.lean/test/Docs/.lake/build/doc/Cvc/Srt/Types.html",
     "8808197660902524015"],
    ["/Users/adrienchampion/repos/anzen/cvc.lean/test/Docs/.lake/build/doc/Cvc/Srt/Extra.html",
     "7967086414445622478"],
    ["/Users/adrienchampion/repos/anzen/cvc.lean/test/Docs/.lake/build/doc/Cvc/Srt.html",
     "16139437338953656860"],
    ["/Users/adrienchampion/repos/anzen/cvc.lean/test/Docs/.lake/build/doc/Cvc/Defs.html",
     "9272226219778749301"],
    ["/Users/adrienchampion/repos/anzen/cvc.lean/test/Docs/.lake/build/doc/Cvc/Term/Erased.html",
     "16372317488592806879"],
    ["/Users/adrienchampion/repos/anzen/cvc.lean/test/Docs/.lake/build/doc/Cvc/Term/Dsl.html",
     "1413210774402123808"],
    ["/Users/adrienchampion/repos/anzen/cvc.lean/test/Docs/.lake/build/doc/Cvc/Term.html",
     "14586587062852969320"],
    ["/Users/adrienchampion/repos/anzen/cvc.lean/test/Docs/.lake/build/doc/Cvc/Actlit.html",
     "9508021881507261072"],
    ["/Users/adrienchampion/repos/anzen/cvc.lean/test/Docs/.lake/build/doc/Cvc/Symbols/Basic.html",
     "13551160852257856373"],
    ["/Users/adrienchampion/repos/anzen/cvc.lean/test/Docs/.lake/build/doc/Cvc/Symbols/Defs.html",
     "4003986584643387105"],
    ["/Users/adrienchampion/repos/anzen/cvc.lean/test/Docs/.lake/build/doc/Cvc/Symbols/Dsl.html",
     "5082893526826237288"],
    ["/Users/adrienchampion/repos/anzen/cvc.lean/test/Docs/.lake/build/doc/Cvc/Symbols/Erased.html",
     "16077753231379752064"],
    ["/Users/adrienchampion/repos/anzen/cvc.lean/test/Docs/.lake/build/doc/Cvc/Symbols.html",
     "13625394037735807482"],
    ["/Users/adrienchampion/repos/anzen/cvc.lean/test/Docs/.lake/build/doc/Cvc/State/Defs.html",
     "13974603092502491108"],
    ["/Users/adrienchampion/repos/anzen/cvc.lean/test/Docs/.lake/build/doc/Cvc/State/Dsl.html",
     "2072701043560764741"],
    ["/Users/adrienchampion/repos/anzen/cvc.lean/test/Docs/.lake/build/doc/Cvc/State/Erased.html",
     "6155313747597247038"],
    ["/Users/adrienchampion/repos/anzen/cvc.lean/test/Docs/.lake/build/doc/Cvc/State.html",
     "4789982854183093511"],
    ["/Users/adrienchampion/repos/anzen/cvc.lean/test/Docs/.lake/build/doc/Cvc/Sys/Trace.html",
     "14060061442382492641"],
    ["/Users/adrienchampion/repos/anzen/cvc.lean/test/Docs/.lake/build/doc/Cvc/Sys/Unroller.html",
     "15655360338101440086"],
    ["/Users/adrienchampion/repos/anzen/cvc.lean/test/Docs/.lake/build/doc/Cvc/Sys/Candidates.html",
     "16965477357323858790"],
    ["/Users/adrienchampion/repos/anzen/cvc.lean/test/Docs/.lake/build/doc/Cvc/Sys/Defs.html",
     "6755062038137353880"],
    ["/Users/adrienchampion/repos/anzen/cvc.lean/test/Docs/.lake/build/doc/Cvc/Sys/Dsl.html",
     "5392457531664532725"],
    ["/Users/adrienchampion/repos/anzen/cvc.lean/test/Docs/.lake/build/doc/Cvc/Sys/Erased.html",
     "9359720063994448365"],
    ["/Users/adrienchampion/repos/anzen/cvc.lean/test/Docs/.lake/build/doc/Cvc/Sys.html",
     "620946795050921495"],
    ["/Users/adrienchampion/repos/anzen/cvc.lean/test/Docs/.lake/build/doc/Cvc.html",
     "131768822531201686"]]]],
 "depHash": "18414270683598211982"}