{"log":
 [{"message":
   ".> ELAN=elan ELAN_HOME=/Users/adrienchampion/.elan ELAN_TOOLCHAIN=leanprover/lean4:v4.20.0-rc4 LAKE=/Users/adrienchampion/.elan/toolchains/leanprover--lean4---v4.20.0-rc4/bin/lake LAKE_HOME=/Users/adrienchampion/.elan/toolchains/leanprover--lean4---v4.20.0-rc4 LAKE_PKG_URL_MAP={} LEAN=/Users/adrienchampion/.elan/toolchains/leanprover--lean4---v4.20.0-rc4/bin/lean LEAN_GITHASH=e65f5f118a60025928b1bbe12a5391a70d8169ff LEAN_SYSROOT=/Users/adrienchampion/.elan/toolchains/leanprover--lean4---v4.20.0-rc4 LEAN_AR=/Users/adrienchampion/.elan/toolchains/leanprover--lean4---v4.20.0-rc4/bin/llvm-ar LEAN_CC= LEAN_PATH=/Users/adrienchampion/repos/anzen/cvc.lean/test/.lake/packages/batteries/.lake/build/lib/lean:/Users/adrienchampion/repos/anzen/cvc.lean/test/.lake/packages/cvc5/.lake/build/lib/lean:/Users/adrienchampion/repos/anzen/cvc.lean/test/.lake/packages/MD4Lean/.lake/build/lib/lean:/Users/adrienchampion/repos/anzen/cvc.lean/test/.lake/packages/BibtexQuery/.lake/build/lib/lean:/Users/adrienchampion/repos/anzen/cvc.lean/test/.lake/packages/UnicodeBasic/.lake/build/lib/lean:/Users/adrienchampion/repos/anzen/cvc.lean/test/.lake/packages/Cli/.lake/build/lib/lean:/Users/adrienchampion/repos/anzen/cvc.lean/test/.lake/build/lib/lean:/Users/adrienchampion/repos/anzen/cvc.lean/test/.lake/packages/doc-gen4/.lake/build/lib/lean:/Users/adrienchampion/repos/anzen/cvc.lean/test/Docs/.lake/build/lib/lean:/Users/adrienchampion/.elan/toolchains/leanprover--lean4---v4.20.0-rc4/lib/lean LEAN_SRC_PATH=/Users/adrienchampion/repos/anzen/cvc.lean/test/.lake/packages/batteries:/Users/adrienchampion/repos/anzen/cvc.lean/test/.lake/packages/batteries:/Users/adrienchampion/repos/anzen/cvc.lean/test/.lake/packages/cvc5:/Users/adrienchampion/repos/anzen/cvc.lean/test/.lake/packages/cvc5:/Users/adrienchampion/repos/anzen/cvc.lean/test/.lake/packages/MD4Lean:/Users/adrienchampion/repos/anzen/cvc.lean/test/.lake/packages/MD4Lean:/Users/adrienchampion/repos/anzen/cvc.lean/test/.lake/packages/BibtexQuery:/Users/adrienchampion/repos/anzen/cvc.lean/test/.lake/packages/UnicodeBasic:/Users/adrienchampion/repos/anzen/cvc.lean/test/.lake/packages/UnicodeBasic:/Users/adrienchampion/repos/anzen/cvc.lean/test/.lake/packages/Cli:/Users/adrienchampion/repos/anzen/cvc.lean/test:/Users/adrienchampion/repos/anzen/cvc.lean/test:/Users/adrienchampion/repos/anzen/cvc.lean/test/.lake/packages/doc-gen4:/Users/adrienchampion/.elan/toolchains/leanprover--lean4---v4.20.0-rc4/src/lean/lake PATH DYLD_LIBRARY_PATH=/Users/adrienchampion/.elan/toolchains/leanprover--lean4---v4.20.0-rc4/lib/lean:/Users/adrienchampion/.elan/toolchains/leanprover--lean4---v4.20.0-rc4/lib:/Users/adrienchampion/repos/anzen/cvc.lean/test/Docs/.lake/build/lib:/Users/adrienchampion/repos/anzen/cvc.lean/test/.lake/packages/doc-gen4/.lake/build/lib:/Users/adrienchampion/repos/anzen/cvc.lean/test/.lake/build/lib:/Users/adrienchampion/repos/anzen/cvc.lean/test/.lake/packages/Cli/.lake/build/lib:/Users/adrienchampion/repos/anzen/cvc.lean/test/.lake/packages/UnicodeBasic/.lake/build/lib:/Users/adrienchampion/repos/anzen/cvc.lean/test/.lake/packages/BibtexQuery/.lake/build/lib:/Users/adrienchampion/repos/anzen/cvc.lean/test/.lake/packages/MD4Lean/.lake/build/lib:/Users/adrienchampion/repos/anzen/cvc.lean/test/.lake/packages/cvc5/.lake/build/lib:/Users/adrienchampion/repos/anzen/cvc.lean/test/.lake/packages/batteries/.lake/build/lib /Users/adrienchampion/repos/anzen/cvc.lean/test/.lake/packages/doc-gen4/.lake/build/bin/doc-gen4 single --build /Users/adrienchampion/repos/anzen/cvc.lean/test/Docs/.lake/build Cvc.Symbols https://github.com/anzenlang/cvc.lean/blob/255c1cab424d3be9747b53ff51dd2330b4becdaa/Cvc/Symbols.lean",
   "level": "trace"}],
 "inputs":
 [["<collection>",
   [["/Users/adrienchampion/repos/anzen/cvc.lean/test/Docs/.lake/build/doc/Cvc/Symbols/Basic.html",
     "13551160852257856373"],
    ["/Users/adrienchampion/repos/anzen/cvc.lean/test/Docs/.lake/build/doc/Cvc/Symbols/Defs.html",
     "4003986584643387105"],
    ["/Users/adrienchampion/repos/anzen/cvc.lean/test/Docs/.lake/build/doc/Cvc/Symbols/Dsl.html",
     "5082893526826237288"],
    ["/Users/adrienchampion/repos/anzen/cvc.lean/test/Docs/.lake/build/doc/Cvc/Symbols/Erased.html",
     "16077753231379752064"]]],
  ["/Users/adrienchampion/repos/anzen/cvc.lean/test/Docs/.lake/build/doc-data/references.json",
   "9311986744312936243"],
  ["/Users/adrienchampion/repos/anzen/cvc.lean/test/.lake/packages/doc-gen4/.lake/build/bin/doc-gen4",
   "3206356403039595456"],
  ["Cvc.Symbols:leanArts", "4515154247047644154"]],
 "depHash": "7014263321022546428"}