{"log":
 [{"message":
   ".> ELAN=elan ELAN_HOME=/Users/adrienchampion/.elan ELAN_TOOLCHAIN=leanprover/lean4:v4.20.0-rc4 LAKE=/Users/adrienchampion/.elan/toolchains/leanprover--lean4---v4.20.0-rc4/bin/lake LAKE_HOME=/Users/adrienchampion/.elan/toolchains/leanprover--lean4---v4.20.0-rc4 LAKE_PKG_URL_MAP={} LEAN=/Users/adrienchampion/.elan/toolchains/leanprover--lean4---v4.20.0-rc4/bin/lean LEAN_GITHASH=e65f5f118a60025928b1bbe12a5391a70d8169ff LEAN_SYSROOT=/Users/adrienchampion/.elan/toolchains/leanprover--lean4---v4.20.0-rc4 LEAN_AR=/Users/adrienchampion/.elan/toolchains/leanprover--lean4---v4.20.0-rc4/bin/llvm-ar LEAN_CC= LEAN_PATH=/Users/adrienchampion/repos/anzen/cvc.lean/test/.lake/packages/batteries/.lake/build/lib/lean:/Users/adrienchampion/repos/anzen/cvc.lean/test/.lake/packages/cvc5/.lake/build/lib/lean:/Users/adrienchampion/repos/anzen/cvc.lean/test/.lake/packages/MD4Lean/.lake/build/lib/lean:/Users/adrienchampion/repos/anzen/cvc.lean/test/.lake/packages/BibtexQuery/.lake/build/lib/lean:/Users/adrienchampion/repos/anzen/cvc.lean/test/.lake/packages/UnicodeBasic/.lake/build/lib/lean:/Users/adrienchampion/repos/anzen/cvc.lean/test/.lake/packages/Cli/.lake/build/lib/lean:/Users/adrienchampion/repos/anzen/cvc.lean/test/.lake/build/lib/lean:/Users/adrienchampion/repos/anzen/cvc.lean/test/.lake/packages/doc-gen4/.lake/build/lib/lean:/Users/adrienchampion/repos/anzen/cvc.lean/test/docbuild/.lake/build/lib/lean:/Users/adrienchampion/.elan/toolchains/leanprover--lean4---v4.20.0-rc4/lib/lean LEAN_SRC_PATH=/Users/adrienchampion/repos/anzen/cvc.lean/test/.lake/packages/batteries:/Users/adrienchampion/repos/anzen/cvc.lean/test/.lake/packages/batteries:/Users/adrienchampion/repos/anzen/cvc.lean/test/.lake/packages/cvc5:/Users/adrienchampion/repos/anzen/cvc.lean/test/.lake/packages/cvc5:/Users/adrienchampion/repos/anzen/cvc.lean/test/.lake/packages/MD4Lean:/Users/adrienchampion/repos/anzen/cvc.lean/test/.lake/packages/MD4Lean:/Users/adrienchampion/repos/anzen/cvc.lean/test/.lake/packages/BibtexQuery:/Users/adrienchampion/repos/anzen/cvc.lean/test/.lake/packages/UnicodeBasic:/Users/adrienchampion/repos/anzen/cvc.lean/test/.lake/packages/UnicodeBasic:/Users/adrienchampion/repos/anzen/cvc.lean/test/.lake/packages/Cli:/Users/adrienchampion/repos/anzen/cvc.lean/test:/Users/adrienchampion/repos/anzen/cvc.lean/test:/Users/adrienchampion/repos/anzen/cvc.lean/test/.lake/packages/doc-gen4:/Users/adrienchampion/.elan/toolchains/leanprover--lean4---v4.20.0-rc4/src/lean/lake PATH DYLD_LIBRARY_PATH=/Users/adrienchampion/.elan/toolchains/leanprover--lean4---v4.20.0-rc4/lib/lean:/Users/adrienchampion/.elan/toolchains/leanprover--lean4---v4.20.0-rc4/lib:/Users/adrienchampion/repos/anzen/cvc.lean/test/docbuild/.lake/build/lib:/Users/adrienchampion/repos/anzen/cvc.lean/test/.lake/packages/doc-gen4/.lake/build/lib:/Users/adrienchampion/repos/anzen/cvc.lean/test/.lake/build/lib:/Users/adrienchampion/repos/anzen/cvc.lean/test/.lake/packages/Cli/.lake/build/lib:/Users/adrienchampion/repos/anzen/cvc.lean/test/.lake/packages/UnicodeBasic/.lake/build/lib:/Users/adrienchampion/repos/anzen/cvc.lean/test/.lake/packages/BibtexQuery/.lake/build/lib:/Users/adrienchampion/repos/anzen/cvc.lean/test/.lake/packages/MD4Lean/.lake/build/lib:/Users/adrienchampion/repos/anzen/cvc.lean/test/.lake/packages/cvc5/.lake/build/lib:/Users/adrienchampion/repos/anzen/cvc.lean/test/.lake/packages/batteries/.lake/build/lib /Users/adrienchampion/repos/anzen/cvc.lean/test/.lake/packages/doc-gen4/.lake/build/bin/doc-gen4 single --build /Users/adrienchampion/repos/anzen/cvc.lean/test/docbuild/.lake/build Cvc.Sys https://github.com/anzenlang/cvc.lean/blob/23e9a531ec59eb698b9a424d43887288e3003308/Cvc/Sys.lean",
   "level": "trace"}],
 "inputs":
 [["<collection>",
   [["/Users/adrienchampion/repos/anzen/cvc.lean/test/docbuild/.lake/build/doc/Cvc/Sys/Trace.html",
     "11955377410321129807"],
    ["/Users/adrienchampion/repos/anzen/cvc.lean/test/docbuild/.lake/build/doc/Cvc/Sys/Unroller.html",
     "15456202647630614552"],
    ["/Users/adrienchampion/repos/anzen/cvc.lean/test/docbuild/.lake/build/doc/Cvc/Sys/Defs.html",
     "17779787719177493240"],
    ["/Users/adrienchampion/repos/anzen/cvc.lean/test/docbuild/.lake/build/doc/Cvc/Sys/Dsl.html",
     "9952506309253695475"],
    ["/Users/adrienchampion/repos/anzen/cvc.lean/test/docbuild/.lake/build/doc/Cvc/Sys/Erased.html",
     "8297593605407485235"]]],
  ["/Users/adrienchampion/repos/anzen/cvc.lean/test/docbuild/.lake/build/doc-data/references.json",
   "9311986744312936243"],
  ["/Users/adrienchampion/repos/anzen/cvc.lean/test/.lake/packages/doc-gen4/.lake/build/bin/doc-gen4",
   "3206356403039595456"],
  ["Cvc.Sys:leanArts", "1591313227847310142"]],
 "depHash": "4482444311754577486"}